09:07:49 **** Incremental Build of configuration Debug for project 02_Debugging_Template ****
make -j8 all 
arm-none-eabi-gcc "../Src/main.c" -mcpu=cortex-m4 -std=gnu11 -g3 -DDEBUG -DSTM32 -DSTM32F4 -DSTM32F446RETx -DNUCLEO_F446RE -c -I../Inc -O0 -ffunction-sections -fdata-sections -Wall -fstack-usage -fcyclomatic-complexity -MMD -MP -MF"Src/main.d" -MT"Src/main.o" --specs=nano.specs -mfpu=fpv4-sp-d16 -mfloat-abi=hard -mthumb -o "Src/main.o"
../Src/main.c:22:2: warning: #warning "FPU is not initialized, but the project is compiling for an FPU. Please initialize the FPU before use." [-Wcpp]
   22 | #warning "FPU is not initialized, but the project is compiling for an FPU. Please initialize the FPU before use."
      |  ^~~~~~~
arm-none-eabi-gcc -o "02_Debugging_Template.elf" @"objects.list"   -mcpu=cortex-m4 -T"C:\Users\fabia\Desktop\02_Debugging_Template\STM32F446RETX_FLASH.ld" --specs=nosys.specs -Wl,-Map="02_Debugging_Template.map" -Wl,--gc-sections -static --specs=nano.specs -mfpu=fpv4-sp-d16 -mfloat-abi=hard -mthumb -Wl,--start-group -lc -lm -Wl,--end-group
C:/ST/STM32CubeIDE_1.15.0/STM32CubeIDE/plugins/com.st.stm32cube.ide.mcu.externaltools.gnu-tools-for-stm32.12.3.rel1.win32_1.0.100.202403111256/tools/bin/../lib/gcc/arm-none-eabi/12.3.1/../../../../arm-none-eabi/bin/ld.exe: warning: 02_Debugging_Template.elf has a LOAD segment with RWX permissions
Finished building target: 02_Debugging_Template.elf
 
arm-none-eabi-size  02_Debugging_Template.elf 
arm-none-eabi-objdump -h -S 02_Debugging_Template.elf  > "02_Debugging_Template.list"
   text	   data	    bss	    dec	    hex	filename
    900	      8	   1568	   2476	    9ac	02_Debugging_Template.elf
Finished building: default.size.stdout
 
Finished building: 02_Debugging_Template.list
 

09:07:50 Build Finished. 0 errors, 2 warnings. (took 1s.78ms)

