11:44:05 **** Clean-only build of configuration Debug for project Praktikum 2 ****
make -j8 clean 
rm -rf ./Startup/startup_stm32f446retx.d ./Startup/startup_stm32f446retx.o
rm -rf ./Src/GPIO_Driver.cyclo ./Src/GPIO_Driver.d ./Src/GPIO_Driver.o ./Src/GPIO_Driver.su ./Src/main.cyclo ./Src/main.d ./Src/main.o ./Src/main.su ./Src/syscalls.cyclo ./Src/syscalls.d ./Src/syscalls.o ./Src/syscalls.su ./Src/sysmem.cyclo ./Src/sysmem.d ./Src/sysmem.o ./Src/sysmem.su
rm -rf Praktikum\ 2.elf Praktikum\ 2.list Praktikum\ 2.map Praktikum\\ 2.elf default.size.stdout
 
11:44:08 **** Build of configuration Debug for project Praktikum 2 ****
make -j8 all 
arm-none-eabi-gcc -mcpu=cortex-m4 -g3 -DDEBUG -c -x assembler-with-cpp -MMD -MP -MF"Startup/startup_stm32f446retx.d" -MT"Startup/startup_stm32f446retx.o" --specs=nano.specs -mfpu=fpv4-sp-d16 -mfloat-abi=hard -mthumb -o "Startup/startup_stm32f446retx.o" "../Startup/startup_stm32f446retx.s"
arm-none-eabi-gcc "../Src/GPIO_Driver.c" -mcpu=cortex-m4 -std=gnu11 -g3 -DDEBUG -DSTM32 -DSTM32F4 -DSTM32F446RETx -DNUCLEO_F446RE -c -I../Inc -O0 -ffunction-sections -fdata-sections -Wall -fstack-usage -fcyclomatic-complexity -MMD -MP -MF"Src/GPIO_Driver.d" -MT"Src/GPIO_Driver.o" --specs=nano.specs -mfpu=fpv4-sp-d16 -mfloat-abi=hard -mthumb -o "Src/GPIO_Driver.o"
arm-none-eabi-gcc "../Src/main.c" -mcpu=cortex-m4 -std=gnu11 -g3 -DDEBUG -DSTM32 -DSTM32F4 -DSTM32F446RETx -DNUCLEO_F446RE -c -I../Inc -O0 -ffunction-sections -fdata-sections -Wall -fstack-usage -fcyclomatic-complexity -MMD -MP -MF"Src/main.d" -MT"Src/main.o" --specs=nano.specs -mfpu=fpv4-sp-d16 -mfloat-abi=hard -mthumb -o "Src/main.o"
arm-none-eabi-gcc "../Src/syscalls.c" -mcpu=cortex-m4 -std=gnu11 -g3 -DDEBUG -DSTM32 -DSTM32F4 -DSTM32F446RETx -DNUCLEO_F446RE -c -I../Inc -O0 -ffunction-sections -fdata-sections -Wall -fstack-usage -fcyclomatic-complexity -MMD -MP -MF"Src/syscalls.d" -MT"Src/syscalls.o" --specs=nano.specs -mfpu=fpv4-sp-d16 -mfloat-abi=hard -mthumb -o "Src/syscalls.o"
arm-none-eabi-gcc "../Src/sysmem.c" -mcpu=cortex-m4 -std=gnu11 -g3 -DDEBUG -DSTM32 -DSTM32F4 -DSTM32F446RETx -DNUCLEO_F446RE -c -I../Inc -O0 -ffunction-sections -fdata-sections -Wall -fstack-usage -fcyclomatic-complexity -MMD -MP -MF"Src/sysmem.d" -MT"Src/sysmem.o" --specs=nano.specs -mfpu=fpv4-sp-d16 -mfloat-abi=hard -mthumb -o "Src/sysmem.o"
../Startup/startup_stm32f446retx.s: Assembler messages:
../Startup/startup_stm32f446retx.s:65: Error: garbage following instruction -- `ldr r1,=_edata0 ldr r2,=_sidata'
make: *** [Startup/subdir.mk:19: Startup/startup_stm32f446retx.o] Error 1
make: *** Waiting for unfinished jobs....
../Src/main.c:23:4: warning: #warning "FPU is not initialized, but the project is compiling for an FPU. Please initialize the FPU before use." [-Wcpp]
   23 |   #warning "FPU is not initialized, but the project is compiling for an FPU. Please initialize the FPU before use."
      |    ^~~~~~~
../Src/main.c: In function 'two':
../Src/main.c:45:17: warning: unused variable 'state' [-Wunused-variable]
   45 |         uint8_t state = 0x00;
      |                 ^~~~~
"make -j8 all" terminated with exit code 2. Build might be incomplete.
11:44:24 **** Incremental Build of configuration Debug for project Praktikum 2 ****
make -j8 all 
arm-none-eabi-gcc -mcpu=cortex-m4 -g3 -DDEBUG -c -x assembler-with-cpp -MMD -MP -MF"Startup/startup_stm32f446retx.d" -MT"Startup/startup_stm32f446retx.o" --specs=nano.specs -mfpu=fpv4-sp-d16 -mfloat-abi=hard -mthumb -o "Startup/startup_stm32f446retx.o" "../Startup/startup_stm32f446retx.s"
../Startup/startup_stm32f446retx.s: Assembler messages:
../Startup/startup_stm32f446retx.s:65: Error: garbage following instruction -- `ldr r1,=_edata0 ldr r2,=_sidata'
make: *** [Startup/subdir.mk:19: Startup/startup_stm32f446retx.o] Error 1
"make -j8 all" terminated with exit code 2. Build might be incomplete.
11:44:32 **** Incremental Build of configuration Debug for project Praktikum 2 ****
make -j8 all 
arm-none-eabi-gcc -mcpu=cortex-m4 -g3 -DDEBUG -c -x assembler-with-cpp -MMD -MP -MF"Startup/startup_stm32f446retx.d" -MT"Startup/startup_stm32f446retx.o" --specs=nano.specs -mfpu=fpv4-sp-d16 -mfloat-abi=hard -mthumb -o "Startup/startup_stm32f446retx.o" "../Startup/startup_stm32f446retx.s"
../Startup/startup_stm32f446retx.s: Assembler messages:
../Startup/startup_stm32f446retx.s:65: Error: garbage following instruction -- `ldr r1,=_edata0 ldr r2,=_sidata'
make: *** [Startup/subdir.mk:19: Startup/startup_stm32f446retx.o] Error 1
"make -j8 all" terminated with exit code 2. Build might be incomplete.
11:44:47 **** Incremental Build of configuration Debug for project Praktikum 2 ****
make -j8 all 
arm-none-eabi-gcc -mcpu=cortex-m4 -g3 -DDEBUG -c -x assembler-with-cpp -MMD -MP -MF"Startup/startup_stm32f446retx.d" -MT"Startup/startup_stm32f446retx.o" --specs=nano.specs -mfpu=fpv4-sp-d16 -mfloat-abi=hard -mthumb -o "Startup/startup_stm32f446retx.o" "../Startup/startup_stm32f446retx.s"
../Startup/startup_stm32f446retx.s: Assembler messages:
../Startup/startup_stm32f446retx.s:65: Error: garbage following instruction -- `ldr r1,=_edata0 ldr r2,=_sidata'
make: *** [Startup/subdir.mk:19: Startup/startup_stm32f446retx.o] Error 1
"make -j8 all" terminated with exit code 2. Build might be incomplete.
11:45:17 **** Incremental Build of configuration Debug for project Praktikum 2 ****
make -j8 all 
arm-none-eabi-gcc -mcpu=cortex-m4 -g3 -DDEBUG -c -x assembler-with-cpp -MMD -MP -MF"Startup/startup_stm32f446retx.d" -MT"Startup/startup_stm32f446retx.o" --specs=nano.specs -mfpu=fpv4-sp-d16 -mfloat-abi=hard -mthumb -o "Startup/startup_stm32f446retx.o" "../Startup/startup_stm32f446retx.s"
arm-none-eabi-gcc -o "Praktikum 2.elf" @"objects.list"   -mcpu=cortex-m4 -T"C:\Users\fabia\Documents\Studium\SS24\EES\Praktikum1\Praktikum 2\STM32F446RETX_FLASH.ld" --specs=nosys.specs -Wl,-Map="Praktikum 2.map" -Wl,--gc-sections -static --specs=nano.specs -mfpu=fpv4-sp-d16 -mfloat-abi=hard -mthumb -Wl,--start-group -lc -lm -Wl,--end-group
Finished building target: Praktikum 2.elf
 
arm-none-eabi-size  Praktikum\ 2.elf 
arm-none-eabi-objdump -h -S Praktikum\ 2.elf  > "Praktikum 2.list"
   text	   data	    bss	    dec	    hex	filename
   1936	      0	   1568	   3504	    db0	Praktikum 2.elf
Finished building: default.size.stdout
 
Finished building: Praktikum 2.list
 
